__tests__/api/user.test.ts(21,54): error TS2345: Argument of type '{ id: number; name: string | null; email: string; passwordHash: string; platformRole: "superadmin" | "support" | null; createdAt: Date; updatedAt: Date; deletedAt: Date | null; }' is not assignable to parameter of type '{ tenantId: number | null; teamRole: "admin" | "estimator" | "manager" | null; id: number; name: string | null; email: string; passwordHash: string; platformRole: "superadmin" | "support" | null; createdAt: Date; updatedAt: Date; deletedAt: Date | null; }'.
  Type '{ id: number; name: string | null; email: string; passwordHash: string; platformRole: "superadmin" | "support" | null; createdAt: Date; updatedAt: Date; deletedAt: Date | null; }' is missing the following properties from type '{ tenantId: number | null; teamRole: "admin" | "estimator" | "manager" | null; id: number; name: string | null; email: string; passwordHash: string; platformRole: "superadmin" | "support" | null; createdAt: Date; updatedAt: Date; deletedAt: Date | null; }': tenantId, teamRole
__tests__/integration/import-export.test.ts(74,46): error TS2345: Argument of type '{ id: number; name: string | null; email: string; passwordHash: string; platformRole: "superadmin" | "support" | null; createdAt: Date; updatedAt: Date; deletedAt: Date | null; }' is not assignable to parameter of type '{ tenantId: number | null; teamRole: "admin" | "estimator" | "manager" | null; id: number; name: string | null; email: string; passwordHash: string; platformRole: "superadmin" | "support" | null; createdAt: Date; updatedAt: Date; deletedAt: Date | null; }'.
  Type '{ id: number; name: string | null; email: string; passwordHash: string; platformRole: "superadmin" | "support" | null; createdAt: Date; updatedAt: Date; deletedAt: Date | null; }' is missing the following properties from type '{ tenantId: number | null; teamRole: "admin" | "estimator" | "manager" | null; id: number; name: string | null; email: string; passwordHash: string; platformRole: "superadmin" | "support" | null; createdAt: Date; updatedAt: Date; deletedAt: Date | null; }': tenantId, teamRole
__tests__/integration/materials-search-vector-trigger.test.ts(42,46): error TS2345: Argument of type '{ id: number; name: string | null; email: string; passwordHash: string; platformRole: "superadmin" | "support" | null; createdAt: Date; updatedAt: Date; deletedAt: Date | null; }' is not assignable to parameter of type '{ tenantId: number | null; teamRole: "admin" | "estimator" | "manager" | null; id: number; name: string | null; email: string; passwordHash: string; platformRole: "superadmin" | "support" | null; createdAt: Date; updatedAt: Date; deletedAt: Date | null; }'.
  Type '{ id: number; name: string | null; email: string; passwordHash: string; platformRole: "superadmin" | "support" | null; createdAt: Date; updatedAt: Date; deletedAt: Date | null; }' is missing the following properties from type '{ tenantId: number | null; teamRole: "admin" | "estimator" | "manager" | null; id: number; name: string | null; email: string; passwordHash: string; platformRole: "superadmin" | "support" | null; createdAt: Date; updatedAt: Date; deletedAt: Date | null; }': tenantId, teamRole
__tests__/integration/materials-search.test.ts(49,46): error TS2345: Argument of type '{ id: number; name: string | null; email: string; passwordHash: string; platformRole: "superadmin" | "support" | null; createdAt: Date; updatedAt: Date; deletedAt: Date | null; }' is not assignable to parameter of type '{ tenantId: number | null; teamRole: "admin" | "estimator" | "manager" | null; id: number; name: string | null; email: string; passwordHash: string; platformRole: "superadmin" | "support" | null; createdAt: Date; updatedAt: Date; deletedAt: Date | null; }'.
  Type '{ id: number; name: string | null; email: string; passwordHash: string; platformRole: "superadmin" | "support" | null; createdAt: Date; updatedAt: Date; deletedAt: Date | null; }' is missing the following properties from type '{ tenantId: number | null; teamRole: "admin" | "estimator" | "manager" | null; id: number; name: string | null; email: string; passwordHash: string; platformRole: "superadmin" | "support" | null; createdAt: Date; updatedAt: Date; deletedAt: Date | null; }': tenantId, teamRole
__tests__/integration/materials.test.ts(68,46): error TS2345: Argument of type '{ id: number; name: string | null; email: string; passwordHash: string; platformRole: "superadmin" | "support" | null; createdAt: Date; updatedAt: Date; deletedAt: Date | null; }' is not assignable to parameter of type '{ tenantId: number | null; teamRole: "admin" | "estimator" | "manager" | null; id: number; name: string | null; email: string; passwordHash: string; platformRole: "superadmin" | "support" | null; createdAt: Date; updatedAt: Date; deletedAt: Date | null; }'.
  Type '{ id: number; name: string | null; email: string; passwordHash: string; platformRole: "superadmin" | "support" | null; createdAt: Date; updatedAt: Date; deletedAt: Date | null; }' is missing the following properties from type '{ tenantId: number | null; teamRole: "admin" | "estimator" | "manager" | null; id: number; name: string | null; email: string; passwordHash: string; platformRole: "superadmin" | "support" | null; createdAt: Date; updatedAt: Date; deletedAt: Date | null; }': tenantId, teamRole
__tests__/integration/works.test.ts(51,46): error TS2345: Argument of type '{ id: number; name: string | null; email: string; passwordHash: string; platformRole: "superadmin" | "support" | null; createdAt: Date; updatedAt: Date; deletedAt: Date | null; }' is not assignable to parameter of type '{ tenantId: number | null; teamRole: "admin" | "estimator" | "manager" | null; id: number; name: string | null; email: string; passwordHash: string; platformRole: "superadmin" | "support" | null; createdAt: Date; updatedAt: Date; deletedAt: Date | null; }'.
  Type '{ id: number; name: string | null; email: string; passwordHash: string; platformRole: "superadmin" | "support" | null; createdAt: Date; updatedAt: Date; deletedAt: Date | null; }' is missing the following properties from type '{ tenantId: number | null; teamRole: "admin" | "estimator" | "manager" | null; id: number; name: string | null; email: string; passwordHash: string; platformRole: "superadmin" | "support" | null; createdAt: Date; updatedAt: Date; deletedAt: Date | null; }': tenantId, teamRole
__tests__/integration/works_perf.test.ts(51,46): error TS2345: Argument of type '{ id: number; name: string | null; email: string; passwordHash: string; platformRole: "superadmin" | "support" | null; createdAt: Date; updatedAt: Date; deletedAt: Date | null; }' is not assignable to parameter of type '{ tenantId: number | null; teamRole: "admin" | "estimator" | "manager" | null; id: number; name: string | null; email: string; passwordHash: string; platformRole: "superadmin" | "support" | null; createdAt: Date; updatedAt: Date; deletedAt: Date | null; }'.
  Type '{ id: number; name: string | null; email: string; passwordHash: string; platformRole: "superadmin" | "support" | null; createdAt: Date; updatedAt: Date; deletedAt: Date | null; }' is missing the following properties from type '{ tenantId: number | null; teamRole: "admin" | "estimator" | "manager" | null; id: number; name: string | null; email: string; passwordHash: string; platformRole: "superadmin" | "support" | null; createdAt: Date; updatedAt: Date; deletedAt: Date | null; }': tenantId, teamRole
__tests__/integration/works_search.test.ts(44,46): error TS2345: Argument of type '{ id: number; name: string | null; email: string; passwordHash: string; platformRole: "superadmin" | "support" | null; createdAt: Date; updatedAt: Date; deletedAt: Date | null; }' is not assignable to parameter of type '{ tenantId: number | null; teamRole: "admin" | "estimator" | "manager" | null; id: number; name: string | null; email: string; passwordHash: string; platformRole: "superadmin" | "support" | null; createdAt: Date; updatedAt: Date; deletedAt: Date | null; }'.
  Type '{ id: number; name: string | null; email: string; passwordHash: string; platformRole: "superadmin" | "support" | null; createdAt: Date; updatedAt: Date; deletedAt: Date | null; }' is missing the following properties from type '{ tenantId: number | null; teamRole: "admin" | "estimator" | "manager" | null; id: number; name: string | null; email: string; passwordHash: string; platformRole: "superadmin" | "support" | null; createdAt: Date; updatedAt: Date; deletedAt: Date | null; }': tenantId, teamRole
app/actions/counterparties.ts(55,17): error TS2769: No overload matches this call.
  Overload 1 of 2, '(value: { name: string | SQL<unknown> | Placeholder<string, any>; tenantId: number | SQL<unknown> | Placeholder<string, any>; type: "customer" | "contractor" | "supplier" | SQL<...> | Placeholder<...>; ... 19 more ...; bankKpp?: string | ... 3 more ... | undefined; }): PgInsertBase<...>', gave the following error.
    Type 'number | null' is not assignable to type 'number | SQL<unknown> | Placeholder<string, any>'.
      Type 'null' is not assignable to type 'number | SQL<unknown> | Placeholder<string, any>'.
  Overload 2 of 2, '(values: { name: string | SQL<unknown> | Placeholder<string, any>; tenantId: number | SQL<unknown> | Placeholder<string, any>; type: "customer" | "contractor" | "supplier" | SQL<...> | Placeholder<...>; ... 19 more ...; bankKpp?: string | ... 3 more ... | undefined; }[]): PgInsertBase<...>', gave the following error.
    Object literal may only specify known properties, and 'tenantId' does not exist in type '{ name: string | SQL<unknown> | Placeholder<string, any>; tenantId: number | SQL<unknown> | Placeholder<string, any>; type: "customer" | "contractor" | "supplier" | SQL<...> | Placeholder<...>; ... 19 more ...; bankKpp?: string | ... 3 more ... | undefined; }[]'.
app/actions/counterparties.ts(60,39): error TS2769: No overload matches this call.
  Overload 1 of 2, '(value: { teamId: number | SQL<unknown> | Placeholder<string, any>; action: string | SQL<unknown> | Placeholder<string, any>; id?: number | SQL<unknown> | Placeholder<string, any> | undefined; userId?: number | ... 3 more ... | undefined; ipAddress?: string | ... 3 more ... | undefined; timestamp?: Date | ... 2 more ... | undefined; }): PgInsertBase<...>', gave the following error.
    Argument of type '{ userId: number; action: string; ipAddress: string; }' is not assignable to parameter of type '{ teamId: number | SQL<unknown> | Placeholder<string, any>; action: string | SQL<unknown> | Placeholder<string, any>; id?: number | SQL<unknown> | Placeholder<string, any> | undefined; userId?: number | ... 3 more ... | undefined; ipAddress?: string | ... 3 more ... | undefined; timestamp?: Date | ... 2 more ... | u...'.
      Property 'teamId' is missing in type '{ userId: number; action: string; ipAddress: string; }' but required in type '{ teamId: number | SQL<unknown> | Placeholder<string, any>; action: string | SQL<unknown> | Placeholder<string, any>; id?: number | SQL<unknown> | Placeholder<string, any> | undefined; userId?: number | ... 3 more ... | undefined; ipAddress?: string | ... 3 more ... | undefined; timestamp?: Date | ... 2 more ... | u...'.
  Overload 2 of 2, '(values: { teamId: number | SQL<unknown> | Placeholder<string, any>; action: string | SQL<unknown> | Placeholder<string, any>; id?: number | SQL<unknown> | Placeholder<string, any> | undefined; userId?: number | ... 3 more ... | undefined; ipAddress?: string | ... 3 more ... | undefined; timestamp?: Date | ... 2 more ... | undefined; }[]): PgInsertBase<...>', gave the following error.
    Object literal may only specify known properties, and 'userId' does not exist in type '{ teamId: number | SQL<unknown> | Placeholder<string, any>; action: string | SQL<unknown> | Placeholder<string, any>; id?: number | SQL<unknown> | Placeholder<string, any> | undefined; userId?: number | ... 3 more ... | undefined; ipAddress?: string | ... 3 more ... | undefined; timestamp?: Date | ... 2 more ... | u...'.
app/actions/counterparties.ts(93,39): error TS2769: No overload matches this call.
  Overload 1 of 2, '(value: { teamId: number | SQL<unknown> | Placeholder<string, any>; action: string | SQL<unknown> | Placeholder<string, any>; id?: number | SQL<unknown> | Placeholder<string, any> | undefined; userId?: number | ... 3 more ... | undefined; ipAddress?: string | ... 3 more ... | undefined; timestamp?: Date | ... 2 more ... | undefined; }): PgInsertBase<...>', gave the following error.
    Argument of type '{ userId: number; action: string; }' is not assignable to parameter of type '{ teamId: number | SQL<unknown> | Placeholder<string, any>; action: string | SQL<unknown> | Placeholder<string, any>; id?: number | SQL<unknown> | Placeholder<string, any> | undefined; userId?: number | ... 3 more ... | undefined; ipAddress?: string | ... 3 more ... | undefined; timestamp?: Date | ... 2 more ... | u...'.
      Property 'teamId' is missing in type '{ userId: number; action: string; }' but required in type '{ teamId: number | SQL<unknown> | Placeholder<string, any>; action: string | SQL<unknown> | Placeholder<string, any>; id?: number | SQL<unknown> | Placeholder<string, any> | undefined; userId?: number | ... 3 more ... | undefined; ipAddress?: string | ... 3 more ... | undefined; timestamp?: Date | ... 2 more ... | u...'.
  Overload 2 of 2, '(values: { teamId: number | SQL<unknown> | Placeholder<string, any>; action: string | SQL<unknown> | Placeholder<string, any>; id?: number | SQL<unknown> | Placeholder<string, any> | undefined; userId?: number | ... 3 more ... | undefined; ipAddress?: string | ... 3 more ... | undefined; timestamp?: Date | ... 2 more ... | undefined; }[]): PgInsertBase<...>', gave the following error.
    Object literal may only specify known properties, and 'userId' does not exist in type '{ teamId: number | SQL<unknown> | Placeholder<string, any>; action: string | SQL<unknown> | Placeholder<string, any>; id?: number | SQL<unknown> | Placeholder<string, any> | undefined; userId?: number | ... 3 more ... | undefined; ipAddress?: string | ... 3 more ... | undefined; timestamp?: Date | ... 2 more ... | u...'.
app/actions/counterparties.ts(111,39): error TS2769: No overload matches this call.
  Overload 1 of 2, '(value: { teamId: number | SQL<unknown> | Placeholder<string, any>; action: string | SQL<unknown> | Placeholder<string, any>; id?: number | SQL<unknown> | Placeholder<string, any> | undefined; userId?: number | ... 3 more ... | undefined; ipAddress?: string | ... 3 more ... | undefined; timestamp?: Date | ... 2 more ... | undefined; }): PgInsertBase<...>', gave the following error.
    Argument of type '{ userId: number; action: string; }' is not assignable to parameter of type '{ teamId: number | SQL<unknown> | Placeholder<string, any>; action: string | SQL<unknown> | Placeholder<string, any>; id?: number | SQL<unknown> | Placeholder<string, any> | undefined; userId?: number | ... 3 more ... | undefined; ipAddress?: string | ... 3 more ... | undefined; timestamp?: Date | ... 2 more ... | u...'.
      Property 'teamId' is missing in type '{ userId: number; action: string; }' but required in type '{ teamId: number | SQL<unknown> | Placeholder<string, any>; action: string | SQL<unknown> | Placeholder<string, any>; id?: number | SQL<unknown> | Placeholder<string, any> | undefined; userId?: number | ... 3 more ... | undefined; ipAddress?: string | ... 3 more ... | undefined; timestamp?: Date | ... 2 more ... | u...'.
  Overload 2 of 2, '(values: { teamId: number | SQL<unknown> | Placeholder<string, any>; action: string | SQL<unknown> | Placeholder<string, any>; id?: number | SQL<unknown> | Placeholder<string, any> | undefined; userId?: number | ... 3 more ... | undefined; ipAddress?: string | ... 3 more ... | undefined; timestamp?: Date | ... 2 more ... | undefined; }[]): PgInsertBase<...>', gave the following error.
    Object literal may only specify known properties, and 'userId' does not exist in type '{ teamId: number | SQL<unknown> | Placeholder<string, any>; action: string | SQL<unknown> | Placeholder<string, any>; id?: number | SQL<unknown> | Placeholder<string, any> | undefined; userId?: number | ... 3 more ... | undefined; ipAddress?: string | ... 3 more ... | undefined; timestamp?: Date | ... 2 more ... | u...'.
